]0;~/Google Drive/Research/cbds_instructors[?1034hAboozars-MacBook-Pro:cbds_instructors Hadzzz$ [KAboozars-MacBook-Pro:cbds_instructors Hadzzz$ git [K[K[K[Kgit init
Initialized empty Git repository in /Users/Hadzzz/Google Drive/Research/cbds_instructors/.git/
]0;~/Google Drive/Research/cbds_instructorsAboozars-MacBook-Pro:cbds_instructors Hadzzz$ git remod[Kte d[Kadd url "https://github.com/ahdvnd/cbds-instructor-resources.git"
]0;~/Google Drive/Research/cbds_instructorsAboozars-MacBook-Pro:cbds_instructors Hadzzz$ git add .
]0;~/Google Drive/Research/cbds_instructorsAboozars-MacBook-Pro:cbds_instructors Hadzzz$ git commit -m "first commit"
[master (root-commit) cdb67cf] first commit
 220 files changed, 12703 insertions(+)
 create mode 100644 .Rhistory
 create mode 100644 .Rproj.user/98065216/console06/6E64C1C7
 create mode 100644 .Rproj.user/98065216/console06/6E64C1C7.env
 create mode 100644 .Rproj.user/98065216/console06/INDEX001
 create mode 100644 .Rproj.user/98065216/pcs/files-pane.pper
 create mode 100644 .Rproj.user/98065216/pcs/source-pane.pper
 create mode 100644 .Rproj.user/98065216/pcs/windowlayoutstate.pper
 create mode 100644 .Rproj.user/98065216/pcs/workbench-pane.pper
 create mode 100644 .Rproj.user/98065216/rmd-outputs
 create mode 100644 .Rproj.user/98065216/saved_source_markers
 create mode 100644 .Rproj.user/98065216/sources/prop/1E1EA878
 create mode 100644 .Rproj.user/98065216/sources/prop/24601AF1
 create mode 100644 .Rproj.user/98065216/sources/prop/31D5808F
 create mode 100644 .Rproj.user/98065216/sources/prop/3D4FCE98
 create mode 100644 .Rproj.user/98065216/sources/prop/4DED47A
 create mode 100644 .Rproj.user/98065216/sources/prop/4ECA854B
 create mode 100644 .Rproj.user/98065216/sources/prop/54682C09
 create mode 100644 .Rproj.user/98065216/sources/prop/54AA9AA9
 create mode 100644 .Rproj.user/98065216/sources/prop/5AA78F02
 create mode 100644 .Rproj.user/98065216/sources/prop/60E8B001
 create mode 100644 .Rproj.user/98065216/sources/prop/623B420A
 create mode 100644 .Rproj.user/98065216/sources/prop/6CFC0A82
 create mode 100644 .Rproj.user/98065216/sources/prop/6F810769
 create mode 100644 .Rproj.user/98065216/sources/prop/7486CD03
 create mode 100644 .Rproj.user/98065216/sources/prop/794B5881
 create mode 100644 .Rproj.user/98065216/sources/prop/96ED2B21
 create mode 100644 .Rproj.user/98065216/sources/prop/98146BA
 create mode 100644 .Rproj.user/98065216/sources/prop/9BE94940
 create mode 100644 .Rproj.user/98065216/sources/prop/AC6004FF
 create mode 100644 .Rproj.user/98065216/sources/prop/B1ACD10F
 create mode 100644 .Rproj.user/98065216/sources/prop/B30F5DA3
 create mode 100644 .Rproj.user/98065216/sources/prop/B71CA671
 create mode 100644 .Rproj.user/98065216/sources/prop/BE5FA01B
 create mode 100644 .Rproj.user/98065216/sources/prop/C941CC1D
 create mode 100644 .Rproj.user/98065216/sources/prop/D29199CB
 create mode 100644 .Rproj.user/98065216/sources/prop/D7889F39
 create mode 100644 .Rproj.user/98065216/sources/prop/DB473CC5
 create mode 100644 .Rproj.user/98065216/sources/prop/DBCEA933
 create mode 100644 .Rproj.user/98065216/sources/prop/F7AFC358
 create mode 100644 .Rproj.user/98065216/sources/prop/INDEX
 create mode 100644 .Rproj.user/98065216/sources/s-8431E330/19C4C106-contents
 create mode 100644 .Rproj.user/98065216/sources/s-8431E330/1EDBB95-contents
 create mode 100644 .Rproj.user/98065216/sources/s-8431E330/2380569C-contents
 create mode 100644 .Rproj.user/98065216/sources/s-8431E330/3333683C
 create mode 100644 .Rproj.user/98065216/sources/s-8431E330/3333683C-contents
 create mode 100644 .Rproj.user/98065216/sources/s-8431E330/5CB1352E-contents
 create mode 100644 .Rproj.user/98065216/sources/s-8431E330/7017331-contents
 create mode 100644 .Rproj.user/98065216/sources/s-8431E330/74D4FD1E-contents
 create mode 100644 .Rproj.user/98065216/sources/s-8431E330/7AA1143E-contents
 create mode 100644 .Rproj.user/98065216/sources/s-8431E330/824DE576
 create mode 100644 .Rproj.user/98065216/sources/s-8431E330/824DE576-contents
 create mode 100644 .Rproj.user/98065216/sources/s-8431E330/9964B801
 create mode 100644 .Rproj.user/98065216/sources/s-8431E330/9964B801-contents
 create mode 100644 .Rproj.user/98065216/sources/s-8431E330/9F573714-contents
 create mode 100644 .Rproj.user/98065216/sources/s-8431E330/A09DF658-contents
 create mode 100644 .Rproj.user/98065216/sources/s-8431E330/B79D18B4
 create mode 100644 .Rproj.user/98065216/sources/s-8431E330/B79D18B4-contents
 create mode 100644 .Rproj.user/98065216/sources/s-8431E330/CC5D14B0
 create mode 100644 .Rproj.user/98065216/sources/s-8431E330/CC5D14B0-contents
 create mode 100644 .Rproj.user/98065216/sources/s-8431E330/DD57184C
 create mode 100644 .Rproj.user/98065216/sources/s-8431E330/DD57184C-contents
 create mode 100644 .Rproj.user/98065216/sources/s-8431E330/E62A8D29
 create mode 100644 .Rproj.user/98065216/sources/s-8431E330/E62A8D29-contents
 create mode 100644 .Rproj.user/98065216/sources/s-8431E330/lock_file
 create mode 100644 .Rproj.user/shared/notebooks/1E2C5484-11-getting-jobs/1/s/chunks.json
 create mode 100644 .Rproj.user/shared/notebooks/2ED6C717-06-tidying/1/98065216281C59AF/chunks.json
 create mode 100644 .Rproj.user/shared/notebooks/2ED6C717-06-tidying/1/980652168431E330/chunks.json
 create mode 100644 .Rproj.user/shared/notebooks/2ED6C717-06-tidying/1/s/c5yytluepihqs/000002.csv
 create mode 100644 .Rproj.user/shared/notebooks/2ED6C717-06-tidying/1/s/c5yytluepihqs/000003.error
 create mode 100644 .Rproj.user/shared/notebooks/2ED6C717-06-tidying/1/s/chunks.json
 create mode 100644 .Rproj.user/shared/notebooks/44278AB6-10-communication/1/s/chunks.json
 create mode 100644 .Rproj.user/shared/notebooks/6662233F-03-organizing/1/s/chunks.json
 create mode 100644 .Rproj.user/shared/notebooks/6AB8EB1A-04-version-control/1/s/chunks.json
 create mode 100644 .Rproj.user/shared/notebooks/6C5F833B-02-google/1/s/chunks.json
 create mode 100644 .Rproj.user/shared/notebooks/8A6B870F-08-getting-data/1/s/chunks.json
 create mode 100644 .Rproj.user/shared/notebooks/8DFC16B4-index/1/s/chunks.json
 create mode 100644 .Rproj.user/shared/notebooks/8F0061BB-09-analysis/1/s/chunks.json
 create mode 100644 .Rproj.user/shared/notebooks/9DED5BE-05-intro-r/1/980652168431E330/chunks.json
 create mode 100644 .Rproj.user/shared/notebooks/9DED5BE-05-intro-r/1/s/chunks.json
 create mode 100644 .Rproj.user/shared/notebooks/B6B64419-12-random/1/s/chunks.json
 create mode 100644 .Rproj.user/shared/notebooks/CA8E7E72-01-chromebook/1/s/chunks.json
 create mode 100644 .Rproj.user/shared/notebooks/DC398026-00-intro/1/s/chunks.json
 create mode 100644 .Rproj.user/shared/notebooks/E915EAB1-07-visualization/1/980652168431E330/chunks.json
 create mode 100644 .Rproj.user/shared/notebooks/E915EAB1-07-visualization/1/s/chunks.json
 create mode 100644 .Rproj.user/shared/notebooks/E915EAB1-07-visualization/1/s/cnvfcxpn7deg7/000003.metadata
 create mode 100644 .Rproj.user/shared/notebooks/E915EAB1-07-visualization/1/s/cnvfcxpn7deg7/000003.png
 create mode 100644 .Rproj.user/shared/notebooks/E915EAB1-07-visualization/1/s/cnvfcxpn7deg7/000003.snapshot
 create mode 100644 .Rproj.user/shared/notebooks/E915EAB1-07-visualization/1/s/ctuj1k542wbdr/00000c.metadata
 create mode 100644 .Rproj.user/shared/notebooks/E915EAB1-07-visualization/1/s/ctuj1k542wbdr/00000c.png
 create mode 100644 .Rproj.user/shared/notebooks/E915EAB1-07-visualization/1/s/ctuj1k542wbdr/00000c.snapshot
 create mode 100644 .Rproj.user/shared/notebooks/patch-chunk-names
 create mode 100644 .Rproj.user/shared/notebooks/paths
 create mode 100644 00-intro.Rmd
 create mode 100644 01-chromebook.Rmd
 create mode 100644 02-google.Rmd
 create mode 100644 03-organizing.Rmd
 create mode 100644 04-version-control.Rmd
 create mode 100644 05-intro-r.Rmd
 create mode 100644 06-tidying.Rmd
 create mode 100644 07-visualization.Rmd
 create mode 100644 08-getting-data.Rmd
 create mode 100644 09-analysis.Rmd
 create mode 100644 10-communication.Rmd
 create mode 100644 11-getting-jobs.Rmd
 create mode 100644 12-random.Rmd
 create mode 100644 15-references.Rmd
 create mode 100644 README.md
 create mode 100644 _book/analysis.html
 create mode 100644 _book/applications.html
 create mode 100644 _book/cbds_instructors.epub
 create mode 100644 _book/cbds_instructors.pdf
 create mode 100644 _book/cbds_instructors.tex
 create mode 100644 _book/cbds_instructors_files/figure-html/nice-fig-1.png
 create mode 100644 _book/cbds_instructors_files/figure-html/unnamed-chunk-11-1.png
 create mode 100644 _book/cbds_instructors_files/figure-html/unnamed-chunk-12-1.png
 create mode 100644 _book/cbds_instructors_files/figure-html/unnamed-chunk-13-1.png
 create mode 100644 _book/cbds_instructors_files/figure-html/unnamed-chunk-14-1.png
 create mode 100644 _book/cbds_instructors_files/figure-html/unnamed-chunk-15-1.png
 create mode 100644 _book/cbds_instructors_files/figure-html/unnamed-chunk-27-1.png
 create mode 100644 _book/cbds_instructors_files/figure-html/unnamed-chunk-28-1.png
 create mode 100644 _book/cbds_instructors_files/figure-html/unnamed-chunk-29-1.png
 create mode 100644 _book/cbds_instructors_files/figure-html/unnamed-chunk-3-1.png
 create mode 100644 _book/cbds_instructors_files/figure-html/unnamed-chunk-3-2.png
 create mode 100644 _book/cbds_instructors_files/figure-html/unnamed-chunk-3-3.png
 create mode 100644 _book/cbds_instructors_files/figure-html/unnamed-chunk-3-4.png
 create mode 100644 _book/cbds_instructors_files/figure-html/unnamed-chunk-30-1.png
 create mode 100644 _book/cbds_instructors_files/figure-html/unnamed-chunk-31-1.png
 create mode 100644 _book/cbds_instructors_files/figure-html/unnamed-chunk-34-1.png
 create mode 100644 _book/cbds_instructors_files/figure-html/unnamed-chunk-35-1.png
 create mode 100644 _book/cbds_instructors_files/figure-html/unnamed-chunk-36-1.png
 create mode 100644 _book/cbds_instructors_files/figure-html/unnamed-chunk-37-1.png
 create mode 100644 _book/cbds_instructors_files/figure-html/unnamed-chunk-38-1.png
 create mode 100644 _book/cbds_instructors_files/figure-html/unnamed-chunk-4-1.png
 create mode 100644 _book/cbds_instructors_files/figure-html/unnamed-chunk-5-1.png
 create mode 100644 _book/cbds_instructors_files/figure-html/unnamed-chunk-5-2.png
 create mode 100644 _book/cbds_instructors_files/figure-html/unnamed-chunk-5-3.png
 create mode 100644 _book/cbds_instructors_files/figure-html/unnamed-chunk-6-1.png
 create mode 100644 _book/cbds_instructors_files/figure-html/unnamed-chunk-6-2.png
 create mode 100644 _book/cbds_instructors_files/figure-html/unnamed-chunk-6-3.png
 create mode 100644 _book/cbds_instructors_files/figure-html/unnamed-chunk-6-4.png
 create mode 100644 _book/cbds_instructors_files/figure-html/unnamed-chunk-7-1.png
 create mode 100644 _book/cbds_instructors_files/figure-html/unnamed-chunk-7-2.png
 create mode 100644 _book/cbds_instructors_files/figure-html/unnamed-chunk-7-3.png
 create mode 100644 _book/cbds_instructors_files/figure-html/unnamed-chunk-7-4.png
 create mode 100644 _book/cbds_instructors_files/figure-html/unnamed-chunk-8-1.png
 create mode 100644 _book/cbds_instructors_files/figure-html/unnamed-chunk-9-1.png
 create mode 100644 _book/chromebook.html
 create mode 100644 _book/communication.html
 create mode 100644 _book/course-0-introduction-to-chromebook-data-science-intro.html
 create mode 100644 _book/files/00_chromebook_cheatsheet.jpeg
 create mode 100644 _book/files/07_visualization_geom_smooth.png
 create mode 100755 _book/files/images/caution.png
 create mode 100755 _book/files/images/important.png
 create mode 100755 _book/files/images/note.png
 create mode 100755 _book/files/images/tip.png
 create mode 100755 _book/files/images/warning.png
 create mode 100644 _book/final-words.html
 create mode 100644 _book/getting-data.html
 create mode 100644 _book/getting-jobs.html
 create mode 100644 _book/google.html
 create mode 100644 _book/index.html
 create mode 100644 _book/intro-r.html
 create mode 100644 _book/intro.html
 create mode 100644 _book/libs/gitbook-2.6.7/css/fontawesome/fontawesome-webfont.ttf
 create mode 100644 _book/libs/gitbook-2.6.7/css/plugin-bookdown.css
 create mode 100644 _book/libs/gitbook-2.6.7/css/plugin-fontsettings.css
 create mode 100644 _book/libs/gitbook-2.6.7/css/plugin-highlight.css
 create mode 100644 _book/libs/gitbook-2.6.7/css/plugin-search.css
 create mode 100644 _book/libs/gitbook-2.6.7/css/plugin-table.css
 create mode 100644 _book/libs/gitbook-2.6.7/css/style.css
 create mode 100644 _book/libs/gitbook-2.6.7/js/app.min.js
 create mode 100644 _book/libs/gitbook-2.6.7/js/jquery.highlight.js
 create mode 100644 _book/libs/gitbook-2.6.7/js/lunr.js
 create mode 100644 _book/libs/gitbook-2.6.7/js/plugin-bookdown.js
 create mode 100644 _book/libs/gitbook-2.6.7/js/plugin-fontsettings.js
 create mode 100644 _book/libs/gitbook-2.6.7/js/plugin-search.js
 create mode 100644 _book/libs/gitbook-2.6.7/js/plugin-sharing.js
 create mode 100644 _book/libs/jquery-2.2.3/jquery.min.js
 create mode 100644 _book/literature.html
 create mode 100644 _book/methods.html
 create mode 100644 _book/organizing.html
 create mode 100644 _book/random.html
 create mode 100644 _book/references.html
 create mode 100644 _book/search_index.json
 create mode 100644 _book/style.css
 create mode 100644 _book/tidying.html
 create mode 100644 _book/version-control.html
 create mode 100644 _book/visualization.html
 create mode 100644 _bookdown.yml
 create mode 100644 _output.yml
 create mode 100644 book.bib
 create mode 100644 cbds_instructors.Rproj
 create mode 100644 cbds_instructors.log
 create mode 100755 data/nba/championsdata.csv
 create mode 100755 data/nba/runnerupsdata.csv
 create mode 100644 files/00_chromebook_cheatsheet.jpeg
 create mode 100644 files/07_visualization_geom_smooth.png
 create mode 100755 files/images/caution.png
 create mode 100755 files/images/important.png
 create mode 100755 files/images/note.png
 create mode 100755 files/images/tip.png
 create mode 100755 files/images/warning.png
 create mode 100755 images/by-nc-sa.png
 create mode 100755 images/caution.png
 create mode 100755 images/citr.png
 create mode 100755 images/cover.jpg
 create mode 100755 images/dedication.pdf
 create mode 100755 images/disqus.png
 create mode 100755 images/gitbook.png
 create mode 100755 images/important.png
 create mode 100755 images/knit-logo.png
 create mode 100755 images/logo.png
 create mode 100755 images/mathquill.png
 create mode 100755 images/note.png
 create mode 100755 images/tip.png
 create mode 100755 images/warning.png
 create mode 100644 index.Rmd
 create mode 100644 packages.bib
 create mode 100644 preamble.tex
 create mode 100644 style.css
]0;~/Google Drive/Research/cbds_instructorsAboozars-MacBook-Pro:cbds_instructors Hadzzz$ git pull
fatal: No remote repository specified.  Please, specify either a URL or a
remote name from which new revisions should be fetched.
]0;~/Google Drive/Research/cbds_instructorsAboozars-MacBook-Pro:cbds_instructors Hadzzz$ git push
fatal: No configured push destination.
Either specify the URL from the command-line or configure a remote repository using

    git remote add <name> <url>

and then push using the remote name

    git push <name>

]0;~/Google Drive/Research/cbds_instructorsAboozars-MacBook-Pro:cbds_instructors Hadzzz$ git remote add ma[K[Kmaster[K[K[K[K[K[Korigin "https://github.com/ahdvnd/cbds-instructor-resources.git"
]0;~/Google Drive/Research/cbds_instructorsAboozars-MacBook-Pro:cbds_instructors Hadzzz$ git push
fatal: The current branch master has no upstream branch.
To push the current branch and set the remote as upstream, use

    git push --set-upstream origin master

]0;~/Google Drive/Research/cbds_instructorsAboozars-MacBook-Pro:cbds_instructors Hadzzz$ git pushremote add origin "https://github.com/ahdvnd/cbds-instructor-resources.git"[C[C[C[C[C[1P[1P[1P[C[1P "https://github.com/ahdvnd/cbds-instructor-resources.git"[1P "https://github.com/ahdvnd/cbds-instructor-resources.git"[1P "https://github.com/ahdvnd/cbds-instructor-resources.git"m "https://github.com/ahdvnd/cbds-instructor-resources.git"a "https://github.com/ahdvnd/cbds-instructor-resources.git"s "https://github.com/ahdvnd/cbds-instructor-resources.git"t "https://github.com/ahdvnd/cbds-instructor-resources.git"e "https://github.com/ahdvnd/cbds-instructor-resources.git"r "https://github.com/ahdvnd/cbds-instructor-resources.git"
]0;~/Google Drive/Research/cbds_instructorsAboozars-MacBook-Pro:cbds_instructors Hadzzz$ git push
fatal: The current branch master has no upstream branch.
To push the current branch and set the remote as upstream, use

    git push --set-upstream origin master

]0;~/Google Drive/Research/cbds_instructorsAboozars-MacBook-Pro:cbds_instructors Hadzzz$ git [K[K[K[Kgit clone https://github.com/ahdvnd/cbds-instructor-resources.git
Cloning into 'cbds-instructor-resources'...
warning: You appear to have cloned an empty repository.
]0;~/Google Drive/Research/cbds_instructorsAboozars-MacBook-Pro:cbds_instructors Hadzzz$ git cl[K[K[K[K[K[Kgit remote add origin "x[Khttps://github.com/ahdvnd/cbds-instructor-resources.git"
fatal: remote origin already exists.
]0;~/Google Drive/Research/cbds_instructorsAboozars-MacBook-Pro:cbds_instructors Hadzzz$ git git remote -v
git: 'git' is not a git command. See 'git --help'.

Did you mean this?
	init
]0;~/Google Drive/Research/cbds_instructorsAboozars-MacBook-Pro:cbds_instructors Hadzzz$ git remote -v
master	https://github.com/ahdvnd/cbds-instructor-resources.git (fetch)
master	https://github.com/ahdvnd/cbds-instructor-resources.git (push)
origin	https://github.com/ahdvnd/cbds-instructor-resources.git (fetch)
origin	https://github.com/ahdvnd/cbds-instructor-resources.git (push)
url	https://github.com/ahdvnd/cbds-instructor-resources.git (fetch)
url	https://github.com/ahdvnd/cbds-instructor-resources.git (push)
]0;~/Google Drive/Research/cbds_instructorsAboozars-MacBook-Pro:cbds_instructors Hadzzz$ gir r[K[K[K[Kit remove -[Kmaster
git: 'remove' is not a git command. See 'git --help'.

Did you mean this?
	remote
]0;~/Google Drive/Research/cbds_instructorsAboozars-MacBook-Pro:cbds_instructors Hadzzz$ git rm master
fatal: pathspec 'master' did not match any files
]0;~/Google Drive/Research/cbds_instructorsAboozars-MacBook-Pro:cbds_instructors Hadzzz$ git clone https://github.com/ahdvnd/cbds-instructor-resources.git
Cloning into 'cbds-instructor-resources'...
warning: You appear to have cloned an empty repository.
]0;~/Google Drive/Research/cbds_instructorsAboozars-MacBook-Pro:cbds_instructors Hadzzz$ git pu[K[K[K[K[K[Kgit add .
]0;~/Google Drive/Research/cbds_instructorsAboozars-MacBook-Pro:cbds_instructors Hadzzz$ git pu[K[Kcommit -m "first commit"
[master 18c1708] first commit
 1 file changed, 279 insertions(+), 1 deletion(-)
]0;~/Google Drive/Research/cbds_instructorsAboozars-MacBook-Pro:cbds_instructors Hadzzz$ git push
fatal: The current branch master has no upstream branch.
To push the current branch and set the remote as upstream, use

    git push --set-upstream origin master

]0;~/Google Drive/Research/cbds_instructorsAboozars-MacBook-Pro:cbds_instructors Hadzzz$ git rm 
usage: git rm [<options>] [--] <file>...

    -n, --dry-run         dry run
    -q, --quiet           do not list removed files
    --cached              only remove from the index
    -f, --force           override the up-to-date check
    -r                    allow recursive removal
    --ignore-unmatch      exit with a zero status even if nothing matched

]0;~/Google Drive/Research/cbds_instructorsAboozars-MacBook-Pro:cbds_instructors Hadzzz$ git remove -[K[K[K[Kte remove -b[Kv
fatal: No such remote: -v
]0;~/Google Drive/Research/cbds_instructorsAboozars-MacBook-Pro:cbds_instructors Hadzzz$ git remote rm
usage: git remote remove <name>


]0;~/Google Drive/Research/cbds_instructorsAboozars-MacBook-Pro:cbds_instructors Hadzzz$ git remote rm [K[K[K[K[K[K[K[Kmote -v
master	https://github.com/ahdvnd/cbds-instructor-resources.git (fetch)
master	https://github.com/ahdvnd/cbds-instructor-resources.git (push)
origin	https://github.com/ahdvnd/cbds-instructor-resources.git (fetch)
origin	https://github.com/ahdvnd/cbds-instructor-resources.git (push)
url	https://github.com/ahdvnd/cbds-instructor-resources.git (fetch)
url	https://github.com/ahdvnd/cbds-instructor-resources.git (push)
]0;~/Google Drive/Research/cbds_instructorsAboozars-MacBook-Pro:cbds_instructors Hadzzz$ git remote url[K[K[Krm origin
]0;~/Google Drive/Research/cbds_instructorsAboozars-MacBook-Pro:cbds_instructors Hadzzz$ git remote rm master
]0;~/Google Drive/Research/cbds_instructorsAboozars-MacBook-Pro:cbds_instructors Hadzzz$ git remote rm url
]0;~/Google Drive/Research/cbds_instructorsAboozars-MacBook-Pro:cbds_instructors Hadzzz$ git -[Kremote -v
]0;~/Google Drive/Research/cbds_instructorsAboozars-MacBook-Pro:cbds_instructors Hadzzz$ git clone "[Khttps://github.com/ahdvnd/cbds-instructor-resources.git
fatal: destination path 'cbds-instructor-resources' already exists and is not an empty directory.
]0;~/Google Drive/Research/cbds_instructorsAboozars-MacBook-Pro:cbds_instructors Hadzzz$ gi [Kt remote -v
]0;~/Google Drive/Research/cbds_instructorsAboozars-MacBook-Pro:cbds_instructors Hadzzz$ git a[Kremote add origin [K[K[K[K[K[K[K[K[K[K[K[K[K[K[K[K[K[Kinit
Reinitialized existing Git repository in /Users/Hadzzz/Google Drive/Research/cbds_instructors/.git/
]0;~/Google Drive/Research/cbds_instructorsAboozars-MacBook-Pro:cbds_instructors Hadzzz$ git remo[K[K[K[Kadd .
]0;~/Google Drive/Research/cbds_instructorsAboozars-MacBook-Pro:cbds_instructors Hadzzz$ git commit -m :fir[K[K[K[K"first commit"
[master 5d83936] first commit
 1 file changed, 43 insertions(+), 1 deletion(-)
]0;~/Google Drive/Research/cbds_instructorsAboozars-MacBook-Pro:cbds_instructors Hadzzz$ gir [K[Kt push
fatal: No configured push destination.
Either specify the URL from the command-line or configure a remote repository using

    git remote add <name> <url>

and then push using the remote name

    git push <name>

]0;~/Google Drive/Research/cbds_instructorsAboozars-MacBook-Pro:cbds_instructors Hadzzz$ gir[Kt remote add origin "https://github.com/ahdvnd/cbds-instructor-resources.git"
]0;~/Google Drive/Research/cbds_instructorsAboozars-MacBook-Pro:cbds_instructors Hadzzz$ git [K[K[K[Kgit remote add origin "https://github.com/ahdvnd/cbds-instructor-resources.git"[C[C[C[C[C[C[C[C[C[C[C[C[C[C[C[C[C[C[C[C[C[C[C[C[C[C[C[C[C[C[C[C[C[C[C[C[C[C[C[C[C[C[C[C[C[C[C[C[C[Cpush[K
fatal: The current branch master has no upstream branch.
To push the current branch and set the remote as upstream, use

    git push --set-upstream origin master

]0;~/Google Drive/Research/cbds_instructorsAboozars-MacBook-Pro:cbds_instructors Hadzzz$ git pushremote add origin "https://github.com/ahdvnd/cbds-instructor-resources.git"[C[C[C[C[C[C[C[C[C[C[C[C[C[C[C[C[C[C[C[C[C[C[C[C[C[C[C[C[C[C[C[C[C[C[C[C[C[C[C[C[C[C[C[C[C[C[C[C[C[Cpush[Kcommit -m "first commit"add .[K[1Pinit
Reinitialized existing Git repository in /Users/Hadzzz/Google Drive/Research/cbds_instructors/.git/
]0;~/Google Drive/Research/cbds_instructorsAboozars-MacBook-Pro:cbds_instructors Hadzzz$ git initpushremote add origin "https://github.com/ahdvnd/cbds-instructor-resources.git"[C[C[C[C[C[C[C[C[C[C[C[C[C[C[C[C[C[C[C[C[C[C[C[C[C[C[C[C[C[C[C[C[C[C[C[C[C[C[C[C[C[C[C[C[C[C[C[C[C[Cpush[Kcommit -m "first commit"add .[K
]0;~/Google Drive/Research/cbds_instructorsAboozars-MacBook-Pro:cbds_instructors Hadzzz$ git add .[1Pinitpushremote add origin "https://github.com/ahdvnd/cbds-instructor-resources.git"[C[C[C[C[C[C[C[C[C[C[C[C[C[C[C[C[C[C[C[C[C[C[C[C[C[C[C[C[C[C[C[C[C[C[C[C[C[C[C[C[C[C[C[C[C[C[C[C[C[Cpush[Kcommit -m "first commit"
[master 13c3782] first commit
 1 file changed, 24 insertions(+), 1 deletion(-)
]0;~/Google Drive/Research/cbds_instructorsAboozars-MacBook-Pro:cbds_instructors Hadzzz$ git commit -m "first commit"add .[K[1Pinitpushremote add origin "https://github.com/ahdvnd/cbds-instructor-resources.git"[C[C[C[C[C[C[C[C[C[C[C[C[C[C[C[C[C[C[C[C[C[C[C[C[C[C[C[C[C[C[C[C[C[C[C[C[C[C[C[C[C[C[C[C[C[C[C[C[C[Cpush[K
fatal: The current branch master has no upstream branch.
To push the current branch and set the remote as upstream, use

    git push --set-upstream origin master

]0;~/Google Drive/Research/cbds_instructorsAboozars-MacBook-Pro:cbds_instructors Hadzzz$ git push --set-upstream origin master
Counting objects: 248, done.
Delta compression using up to 8 threads.
Compressing objects:   0% (1/197)   Compressing objects:   1% (2/197)   Compressing objects:   2% (4/197)   Compressing objects:   3% (6/197)   Compressing objects:   4% (8/197)   Compressing objects:   5% (10/197)   Compressing objects:   6% (12/197)   Compressing objects:   7% (14/197)   Compressing objects:   8% (16/197)   Compressing objects:   9% (18/197)   Compressing objects:  10% (20/197)   Compressing objects:  11% (22/197)   Compressing objects:  12% (24/197)   Compressing objects:  13% (26/197)   Compressing objects:  14% (28/197)   Compressing objects:  15% (30/197)   Compressing objects:  16% (32/197)   Compressing objects:  17% (34/197)   Compressing objects:  18% (36/197)   Compressing objects:  19% (38/197)   Compressing objects:  20% (40/197)   Compressing objects:  21% (42/197)   Compressing objects:  22% (44/197)   Compressing objects:  23% (46/197)   Compressing objects:  24% (48/197)   Compressing objects:  25% (50/197)   Compressing objects:  26% (52/197)   Compressing objects:  27% (54/197)   Compressing objects:  28% (56/197)   Compressing objects:  29% (58/197)   Compressing objects:  30% (60/197)   Compressing objects:  31% (62/197)   Compressing objects:  32% (64/197)   Compressing objects:  33% (66/197)   Compressing objects:  34% (67/197)   Compressing objects:  35% (69/197)   Compressing objects:  36% (71/197)   Compressing objects:  37% (73/197)   Compressing objects:  38% (75/197)   Compressing objects:  39% (77/197)   Compressing objects:  40% (79/197)   Compressing objects:  41% (81/197)   Compressing objects:  42% (83/197)   Compressing objects:  43% (85/197)   Compressing objects:  44% (87/197)   Compressing objects:  45% (89/197)   Compressing objects:  46% (91/197)   Compressing objects:  47% (93/197)   Compressing objects:  48% (95/197)   Compressing objects:  49% (97/197)   Compressing objects:  50% (99/197)   Compressing objects:  51% (101/197)   Compressing objects:  52% (103/197)   Compressing objects:  53% (105/197)   Compressing objects:  54% (107/197)   Compressing objects:  55% (109/197)   Compressing objects:  56% (111/197)   Compressing objects:  57% (113/197)   Compressing objects:  58% (115/197)   Compressing objects:  59% (117/197)   Compressing objects:  60% (119/197)   Compressing objects:  61% (121/197)   Compressing objects:  62% (123/197)   Compressing objects:  63% (125/197)   Compressing objects:  64% (127/197)   Compressing objects:  65% (129/197)   Compressing objects:  66% (131/197)   Compressing objects:  67% (132/197)   Compressing objects:  68% (134/197)   Compressing objects:  69% (136/197)   Compressing objects:  70% (138/197)   Compressing objects:  71% (140/197)   Compressing objects:  72% (142/197)   Compressing objects:  73% (144/197)   Compressing objects:  74% (146/197)   Compressing objects:  75% (148/197)   Compressing objects:  76% (150/197)   Compressing objects:  77% (152/197)   Compressing objects:  78% (154/197)   Compressing objects:  79% (156/197)   Compressing objects:  80% (158/197)   Compressing objects:  81% (160/197)   Compressing objects:  82% (162/197)   Compressing objects:  83% (164/197)   Compressing objects:  84% (166/197)   Compressing objects:  85% (168/197)   Compressing objects:  86% (170/197)   Compressing objects:  87% (172/197)   Compressing objects:  88% (174/197)   Compressing objects:  89% (176/197)   Compressing objects:  90% (178/197)   Compressing objects:  91% (180/197)   Compressing objects:  92% (182/197)   Compressing objects:  93% (184/197)   Compressing objects:  94% (186/197)   Compressing objects:  95% (188/197)   Compressing objects:  96% (190/197)   Compressing objects:  97% (192/197)   Compressing objects:  98% (194/197)   Compressing objects:  99% (196/197)   Compressing objects: 100% (197/197)   Compressing objects: 100% (197/197), done.
Writing objects:   0% (1/248)   Writing objects:   1% (3/248)   Writing objects:   2% (5/248)   Writing objects:   3% (8/248)   Writing objects:   4% (10/248)   Writing objects:   5% (13/248)   Writing objects:   6% (15/248)   Writing objects:   7% (18/248)   Writing objects:   8% (20/248)   Writing objects:   9% (23/248)   Writing objects:  10% (25/248)   Writing objects:  11% (28/248)   Writing objects:  12% (30/248)   Writing objects:  13% (33/248)   Writing objects:  14% (35/248)   Writing objects:  15% (38/248)   Writing objects:  16% (40/248)   Writing objects:  17% (43/248)   Writing objects:  18% (45/248)   Writing objects:  19% (48/248)   Writing objects:  20% (51/248)   Writing objects:  21% (53/248)   Writing objects:  22% (55/248)   Writing objects:  23% (58/248)   Writing objects:  24% (60/248)   Writing objects:  25% (62/248)   Writing objects:  26% (65/248)   Writing objects:  27% (67/248)   Writing objects:  28% (70/248)   Writing objects:  29% (72/248)   Writing objects:  30% (75/248)   Writing objects:  31% (77/248)   Writing objects:  32% (80/248)   Writing objects:  33% (82/248)   Writing objects:  34% (85/248)   Writing objects:  35% (87/248)   Writing objects:  36% (90/248)   Writing objects:  37% (92/248)   Writing objects:  38% (95/248)   Writing objects:  39% (97/248)   Writing objects:  40% (100/248)   Writing objects:  41% (102/248)   Writing objects:  42% (105/248)   Writing objects:  43% (107/248)   Writing objects:  44% (110/248)   Writing objects:  45% (112/248)   Writing objects:  46% (115/248)   Writing objects:  47% (117/248)   Writing objects:  48% (120/248)   Writing objects:  49% (122/248)   Writing objects:  50% (124/248)   Writing objects:  51% (127/248)   Writing objects:  52% (129/248)   Writing objects:  53% (132/248)   Writing objects:  54% (134/248)   Writing objects:  55% (137/248)   Writing objects:  56% (139/248)   Writing objects:  57% (142/248)   Writing objects:  58% (144/248)   Writing objects:  59% (147/248)   Writing objects:  60% (149/248)   Writing objects:  61% (152/248)   Writing objects:  61% (153/248), 1.08 MiB | 889.00 KiB/s   Writing objects:  62% (155/248), 1.08 MiB | 889.00 KiB/s   Writing objects:  63% (157/248), 1.08 MiB | 889.00 KiB/s   Writing objects:  64% (159/248), 1.08 MiB | 889.00 KiB/s   Writing objects:  65% (162/248), 1.32 MiB | 738.00 KiB/s   Writing objects:  65% (163/248), 1.32 MiB | 738.00 KiB/s   Writing objects:  66% (164/248), 1.32 MiB | 738.00 KiB/s   Writing objects:  67% (167/248), 1.82 MiB | 776.00 KiB/s   Writing objects:  68% (169/248), 1.82 MiB | 776.00 KiB/s   Writing objects:  69% (172/248), 1.82 MiB | 776.00 KiB/s   Writing objects:  70% (174/248), 1.82 MiB | 776.00 KiB/s   Writing objects:  71% (177/248), 1.82 MiB | 776.00 KiB/s   Writing objects:  72% (179/248), 1.82 MiB | 776.00 KiB/s   Writing objects:  73% (182/248), 1.82 MiB | 776.00 KiB/s   Writing objects:  74% (185/248), 1.82 MiB | 776.00 KiB/s   Writing objects:  75% (186/248), 1.82 MiB | 776.00 KiB/s   Writing objects:  76% (189/248), 1.82 MiB | 776.00 KiB/s   Writing objects:  77% (191/248), 1.82 MiB | 776.00 KiB/s   Writing objects:  78% (194/248), 1.82 MiB | 776.00 KiB/s   Writing objects:  79% (196/248), 1.82 MiB | 776.00 KiB/s   Writing objects:  80% (199/248), 1.82 MiB | 776.00 KiB/s   Writing objects:  81% (201/248), 1.82 MiB | 776.00 KiB/s   Writing objects:  82% (204/248), 1.82 MiB | 776.00 KiB/s   Writing objects:  83% (206/248), 1.82 MiB | 776.00 KiB/s   Writing objects:  84% (210/248), 1.82 MiB | 776.00 KiB/s   Writing objects:  85% (211/248), 1.82 MiB | 776.00 KiB/s   Writing objects:  86% (214/248), 2.20 MiB | 774.00 KiB/s   Writing objects:  87% (216/248), 2.20 MiB | 774.00 KiB/s   Writing objects:  88% (219/248), 2.20 MiB | 774.00 KiB/s   Writing objects:  89% (221/248), 2.20 MiB | 774.00 KiB/s   Writing objects:  90% (224/248), 2.20 MiB | 774.00 KiB/s   Writing objects:  91% (226/248), 2.20 MiB | 774.00 KiB/s   Writing objects:  91% (227/248), 2.20 MiB | 774.00 KiB/s   Writing objects:  92% (229/248), 2.20 MiB | 774.00 KiB/s   Writing objects:  93% (231/248), 2.20 MiB | 774.00 KiB/s   Writing objects:  94% (234/248), 2.20 MiB | 774.00 KiB/s   Writing objects:  95% (236/248), 2.20 MiB | 774.00 KiB/s   Writing objects:  96% (239/248), 2.20 MiB | 774.00 KiB/s   Writing objects:  97% (241/248), 2.20 MiB | 774.00 KiB/s   Writing objects:  98% (244/248), 2.20 MiB | 774.00 KiB/s   Writing objects:  99% (246/248), 2.20 MiB | 774.00 KiB/s   Writing objects: 100% (248/248), 2.20 MiB | 774.00 KiB/s   Writing objects: 100% (248/248), 2.40 MiB | 774.00 KiB/s, done.
Total 248 (delta 38), reused 0 (delta 0)
remote: Resolving deltas:   0% (0/38)   [Kremote: Resolving deltas:   7% (3/38)   [Kremote: Resolving deltas:  15% (6/38)   [Kremote: Resolving deltas:  21% (8/38)   [Kremote: Resolving deltas:  36% (14/38)   [Kremote: Resolving deltas:  39% (15/38)   [Kremote: Resolving deltas:  47% (18/38)   [Kremote: Resolving deltas:  52% (20/38)   [Kremote: Resolving deltas:  76% (29/38)   [Kremote: Resolving deltas:  78% (30/38)   [Kremote: Resolving deltas:  92% (35/38)   [Kremote: Resolving deltas:  94% (36/38)   [Kremote: Resolving deltas:  97% (37/38)   [Kremote: Resolving deltas: 100% (38/38)   [Kremote: Resolving deltas: 100% (38/38), done.[K
To https://github.com/ahdvnd/cbds-instructor-resources.git
 * [new branch]      master -> master
Branch master set up to track remote branch master from origin.
]0;~/Google Drive/Research/cbds_instructorsAboozars-MacBook-Pro:cbds_instructors Hadzzz$ git add .
]0;~/Google Drive/Research/cbds_instructorsAboozars-MacBook-Pro:cbds_instructors Hadzzz$ git commit -m "changed read [Kme"
[master 287e1f6] changed readme
 5 files changed, 51 insertions(+), 2 deletions(-)
 create mode 100644 .Rproj.user/98065216/sources/s-8431E330/C4222F16
 create mode 100644 .Rproj.user/98065216/sources/s-8431E330/C4222F16-contents
]0;~/Google Drive/Research/cbds_instructorsAboozars-MacBook-Pro:cbds_instructors Hadzzz$ git u[Kpush
Counting objects: 12, done.
Delta compression using up to 8 threads.
Compressing objects:   8% (1/12)   Compressing objects:  16% (2/12)   Compressing objects:  25% (3/12)   Compressing objects:  33% (4/12)   Compressing objects:  41% (5/12)   Compressing objects:  50% (6/12)   Compressing objects:  58% (7/12)   Compressing objects:  66% (8/12)   Compressing objects:  75% (9/12)   Compressing objects:  83% (10/12)   Compressing objects:  91% (11/12)   Compressing objects: 100% (12/12)   Compressing objects: 100% (12/12), done.
Writing objects:   8% (1/12)   Writing objects:  16% (2/12)   Writing objects:  25% (3/12)   Writing objects:  33% (4/12)   Writing objects:  41% (5/12)   Writing objects:  50% (6/12)   Writing objects:  58% (7/12)   Writing objects:  66% (8/12)   Writing objects:  75% (9/12)   Writing objects:  83% (10/12)   Writing objects:  91% (11/12)   Writing objects: 100% (12/12)   Writing objects: 100% (12/12), 3.02 KiB | 0 bytes/s, done.
Total 12 (delta 5), reused 0 (delta 0)
remote: Resolving deltas:   0% (0/5)   [Kremote: Resolving deltas:  20% (1/5)   [Kremote: Resolving deltas:  40% (2/5)   [Kremote: Resolving deltas:  60% (3/5)   [Kremote: Resolving deltas:  80% (4/5)   [Kremote: Resolving deltas: 100% (5/5)   [Kremote: Resolving deltas: 100% (5/5), completed with 5 local objects.[K
remote: This repository moved. Please use the new location:[K
remote:   https://github.com/jhudsl/cbds-instructor-resources.git[K
To https://github.com/ahdvnd/cbds-instructor-resources.git
   13c3782..287e1f6  master -> master
[KAboozars-MacBook-Pro:cbds_instructors Hadzzz$ git pull
Already up-to-date.
]0;~/Google Drive/Research/cbds_instructorsAboozars-MacBook-Pro:cbds_instructors Hadzzz$ git c[Kadd. [K[K .